Archive member included to satisfy reference by file (symbol)

c:/program files (x86)/atmel/studio/7.0/toolchain/arm/arm-gnu-toolchain/bin/../lib/gcc/arm-none-eabi/6.3.1/../../../../arm-none-eabi/lib/thumb/v7-m\libc.a(lib_a-exit.o)
                              c:/program files (x86)/atmel/studio/7.0/toolchain/arm/arm-gnu-toolchain/bin/../lib/gcc/arm-none-eabi/6.3.1/../../../../arm-none-eabi/lib/thumb/v7-m/crt0.o (exit)
c:/program files (x86)/atmel/studio/7.0/toolchain/arm/arm-gnu-toolchain/bin/../lib/gcc/arm-none-eabi/6.3.1/../../../../arm-none-eabi/lib/thumb/v7-m\libc.a(lib_a-impure.o)
                              c:/program files (x86)/atmel/studio/7.0/toolchain/arm/arm-gnu-toolchain/bin/../lib/gcc/arm-none-eabi/6.3.1/../../../../arm-none-eabi/lib/thumb/v7-m\libc.a(lib_a-exit.o) (_global_impure_ptr)
c:/program files (x86)/atmel/studio/7.0/toolchain/arm/arm-gnu-toolchain/bin/../lib/gcc/arm-none-eabi/6.3.1/../../../../arm-none-eabi/lib/thumb/v7-m\libc.a(lib_a-init.o)
                              c:/program files (x86)/atmel/studio/7.0/toolchain/arm/arm-gnu-toolchain/bin/../lib/gcc/arm-none-eabi/6.3.1/../../../../arm-none-eabi/lib/thumb/v7-m/crt0.o (__libc_init_array)
c:/program files (x86)/atmel/studio/7.0/toolchain/arm/arm-gnu-toolchain/bin/../lib/gcc/arm-none-eabi/6.3.1/../../../../arm-none-eabi/lib/thumb/v7-m\libc.a(lib_a-memset.o)
                              c:/program files (x86)/atmel/studio/7.0/toolchain/arm/arm-gnu-toolchain/bin/../lib/gcc/arm-none-eabi/6.3.1/../../../../arm-none-eabi/lib/thumb/v7-m/crt0.o (memset)
c:/program files (x86)/atmel/studio/7.0/toolchain/arm/arm-gnu-toolchain/bin/../lib/gcc/arm-none-eabi/6.3.1/../../../../arm-none-eabi/lib/thumb/v7-m\libc.a(lib_a-__call_atexit.o)
                              c:/program files (x86)/atmel/studio/7.0/toolchain/arm/arm-gnu-toolchain/bin/../lib/gcc/arm-none-eabi/6.3.1/../../../../arm-none-eabi/lib/thumb/v7-m\libc.a(lib_a-exit.o) (__call_exitprocs)
c:/program files (x86)/atmel/studio/7.0/toolchain/arm/arm-gnu-toolchain/bin/../lib/gcc/arm-none-eabi/6.3.1/../../../../arm-none-eabi/lib/thumb/v7-m\libc.a(lib_a-atexit.o)
                              c:/program files (x86)/atmel/studio/7.0/toolchain/arm/arm-gnu-toolchain/bin/../lib/gcc/arm-none-eabi/6.3.1/../../../../arm-none-eabi/lib/thumb/v7-m\libc.a(lib_a-__call_atexit.o) (atexit)
c:/program files (x86)/atmel/studio/7.0/toolchain/arm/arm-gnu-toolchain/bin/../lib/gcc/arm-none-eabi/6.3.1/../../../../arm-none-eabi/lib/thumb/v7-m\libc.a(lib_a-fini.o)
                              c:/program files (x86)/atmel/studio/7.0/toolchain/arm/arm-gnu-toolchain/bin/../lib/gcc/arm-none-eabi/6.3.1/../../../../arm-none-eabi/lib/thumb/v7-m\libc.a(lib_a-__call_atexit.o) (__libc_fini_array)
c:/program files (x86)/atmel/studio/7.0/toolchain/arm/arm-gnu-toolchain/bin/../lib/gcc/arm-none-eabi/6.3.1/../../../../arm-none-eabi/lib/thumb/v7-m\libc.a(lib_a-lock.o)
                              c:/program files (x86)/atmel/studio/7.0/toolchain/arm/arm-gnu-toolchain/bin/../lib/gcc/arm-none-eabi/6.3.1/../../../../arm-none-eabi/lib/thumb/v7-m\libc.a(lib_a-__call_atexit.o) (__retarget_lock_acquire_recursive)
c:/program files (x86)/atmel/studio/7.0/toolchain/arm/arm-gnu-toolchain/bin/../lib/gcc/arm-none-eabi/6.3.1/../../../../arm-none-eabi/lib/thumb/v7-m\libc.a(lib_a-__atexit.o)
                              c:/program files (x86)/atmel/studio/7.0/toolchain/arm/arm-gnu-toolchain/bin/../lib/gcc/arm-none-eabi/6.3.1/../../../../arm-none-eabi/lib/thumb/v7-m\libc.a(lib_a-atexit.o) (__register_exitproc)

Allocating common symbols
Common symbol       size              file

__lock___atexit_recursive_mutex
                    0x1               c:/program files (x86)/atmel/studio/7.0/toolchain/arm/arm-gnu-toolchain/bin/../lib/gcc/arm-none-eabi/6.3.1/../../../../arm-none-eabi/lib/thumb/v7-m\libc.a(lib_a-lock.o)
__lock___arc4random_mutex
                    0x1               c:/program files (x86)/atmel/studio/7.0/toolchain/arm/arm-gnu-toolchain/bin/../lib/gcc/arm-none-eabi/6.3.1/../../../../arm-none-eabi/lib/thumb/v7-m\libc.a(lib_a-lock.o)
IR_last_value       0x4               ADC/ADC_IR.o
__lock___env_recursive_mutex
                    0x1               c:/program files (x86)/atmel/studio/7.0/toolchain/arm/arm-gnu-toolchain/bin/../lib/gcc/arm-none-eabi/6.3.1/../../../../arm-none-eabi/lib/thumb/v7-m\libc.a(lib_a-lock.o)
__lock___sinit_recursive_mutex
                    0x1               c:/program files (x86)/atmel/studio/7.0/toolchain/arm/arm-gnu-toolchain/bin/../lib/gcc/arm-none-eabi/6.3.1/../../../../arm-none-eabi/lib/thumb/v7-m\libc.a(lib_a-lock.o)
__lock___malloc_recursive_mutex
                    0x1               c:/program files (x86)/atmel/studio/7.0/toolchain/arm/arm-gnu-toolchain/bin/../lib/gcc/arm-none-eabi/6.3.1/../../../../arm-none-eabi/lib/thumb/v7-m\libc.a(lib_a-lock.o)
rx_buffer           0x42              uart_and_printf/uart.o
can_messages        0x18              CAN/can_interrupt.o
[...]
Memory Configuration

Name             Origin             Length             Attributes
rom              0x00080000         0x00080000         xr
ram              0x20000000         0x00018000         xrw
*default*        0x00000000         0xffffffff

Linker script and memory map

LOAD c:/program files (x86)/atmel/studio/7.0/toolchain/arm/arm-gnu-toolchain/bin/../lib/gcc/arm-none-eabi/6.3.1/thumb/v7-m/crti.o
LOAD c:/program files (x86)/atmel/studio/7.0/toolchain/arm/arm-gnu-toolchain/bin/../lib/gcc/arm-none-eabi/6.3.1/thumb/v7-m/crtbegin.o
LOAD c:/program files (x86)/atmel/studio/7.0/toolchain/arm/arm-gnu-toolchain/bin/../lib/gcc/arm-none-eabi/6.3.1/../../../../arm-none-eabi/lib/thumb/v7-m/crt0.o
LOAD ADC/ADC_IR.o
LOAD CAN/can_controller.o
LOAD CAN/can_interrupt.o
LOAD Device_Startup/startup_sam3xa.o
LOAD Device_Startup/system_sam3xa.o
LOAD main.o
LOAD misc/LED_blink.o
LOAD motor_box/motor.o
LOAD PID/pid.o
LOAD PWM/PWM_drv.o
LOAD Solenoid/Solenoid.o
LOAD timer/timer_counter.o
LOAD uart_and_printf/printf.o
LOAD uart_and_printf/uart.o
START GROUP
LOAD c:/program files (x86)/atmel/studio/7.0/toolchain/arm/arm-gnu-toolchain/bin/../lib/gcc/arm-none-eabi/6.3.1/../../../../arm-none-eabi/lib/thumb/v7-m\libm.a
END GROUP
START GROUP
LOAD c:/program files (x86)/atmel/studio/7.0/toolchain/arm/arm-gnu-toolchain/bin/../lib/gcc/arm-none-eabi/6.3.1/thumb/v7-m\libgcc.a
LOAD c:/program files (x86)/atmel/studio/7.0/toolchain/arm/arm-gnu-toolchain/bin/../lib/gcc/arm-none-eabi/6.3.1/../../../../arm-none-eabi/lib/thumb/v7-m\libc.a
END GROUP
LOAD c:/program files (x86)/atmel/studio/7.0/toolchain/arm/arm-gnu-toolchain/bin/../lib/gcc/arm-none-eabi/6.3.1/thumb/v7-m/crtend.o
LOAD c:/program files (x86)/atmel/studio/7.0/toolchain/arm/arm-gnu-toolchain/bin/../lib/gcc/arm-none-eabi/6.3.1/thumb/v7-m/crtn.o
                0x00000400                STACK_SIZE = DEFINED (STACK_SIZE)?STACK_SIZE:0x400
                0x00000200                HEAP_SIZE = DEFINED (HEAP_SIZE)?HEAP_SIZE:0x200

.text           0x00080000     0x1090
                0x00080000                . = ALIGN (0x4)
                0x00080000                _sfixed = .
 *(.vectors .vectors.*)
 .vectors       0x00080000       0xf4 Device_Startup/startup_sam3xa.o
                0x00080000                exception_table
 *(.text .text.* .gnu.linkonce.t.*)
 .text          0x000800f4       0x6c c:/program files (x86)/atmel/studio/7.0/toolchain/arm/arm-gnu-toolchain/bin/../lib/gcc/arm-none-eabi/6.3.1/thumb/v7-m/crtbegin.o
 .text.ADC_init
                0x00080160       0x2c ADC/ADC_IR.o
                0x00080160                ADC_init
 .text.ADC_read_IR
                0x0008018c        0xc ADC/ADC_IR.o
                0x0008018c                ADC_read_IR
 .text.IR_check_for_goal
                0x00080198       0x44 ADC/ADC_IR.o
                0x00080198                IR_check_for_goal
 .text.can_init
                0x000801dc       0xe4 CAN/can_controller.o
                0x000801dc                can_init
 .text.can_init_def_tx_rx_mb
                0x000802c0       0x10 CAN/can_controller.o
                0x000802c0                can_init_def_tx_rx_mb
 .text.can_receive
                0x000802d0       0x84 CAN/can_controller.o
                0x000802d0                can_receive
 .text.CAN0_Handler
                0x00080354       0xb8 CAN/can_interrupt.o
                0x00080354                CAN0_Handler
 .text.can_get_messages
                0x0008040c       0x20 CAN/can_interrupt.o
                0x0008040c                can_get_messages
 .text.reset_btn_value
                0x0008042c        0xc CAN/can_interrupt.o
                0x0008042c                reset_btn_value
 .text.Dummy_Handler
                0x00080438        0x2 Device_Startup/startup_sam3xa.o
                0x00080438                DACC_Handler
                0x00080438                DebugMon_Handler
                0x00080438                DMAC_Handler
                0x00080438                TRNG_Handler
                0x00080438                HardFault_Handler
                0x00080438                TC2_Handler
                0x00080438                SysTick_Handler
                0x00080438                USART3_Handler
                0x00080438                TWI1_Handler
                0x00080438                PendSV_Handler
                0x00080438                NMI_Handler
                0x00080438                TC7_Handler
                0x00080438                ADC_Handler
                0x00080438                SMC_Handler
                0x00080438                USART0_Handler
                0x00080438                RTT_Handler
                0x00080438                EFC1_Handler
                0x00080438                PIOB_Handler
                0x00080438                RTC_Handler
                0x00080438                UsageFault_Handler
                0x00080438                TC6_Handler
                0x00080438                WDT_Handler
                0x00080438                TC4_Handler
                0x00080438                TC1_Handler
                0x00080438                HSMCI_Handler
                0x00080438                TC3_Handler
                0x00080438                Dummy_Handler
                0x00080438                TWI0_Handler
                0x00080438                USART1_Handler
                0x00080438                PIOA_Handler
                0x00080438                SSC_Handler
                0x00080438                EFC0_Handler
                0x00080438                PMC_Handler
                0x00080438                PWM_Handler
                0x00080438                CAN1_Handler
                0x00080438                MemManage_Handler
                0x00080438                SUPC_Handler
                0x00080438                SVC_Handler
                0x00080438                TC8_Handler
                0x00080438                USART2_Handler
                0x00080438                PIOD_Handler
                0x00080438                EMAC_Handler
                0x00080438                PIOC_Handler
                0x00080438                BusFault_Handler
                0x00080438                RSTC_Handler
                0x00080438                TC5_Handler
                0x00080438                UOTGHS_Handler
                0x00080438                SPI0_Handler
 *fill*         0x0008043a        0x2 
 .text.Reset_Handler
                0x0008043c       0x6c Device_Startup/startup_sam3xa.o
                0x0008043c                Reset_Handler
 .text.SystemInit
                0x000804a8       0xa4 Device_Startup/system_sam3xa.o
                0x000804a8                SystemInit
 .text.inits    0x0008054c       0x80 main.o
                0x0008054c                inits
 .text.func     0x000805cc       0x24 main.o
                0x000805cc                func
 .text.TC0_Handler
                0x000805f0       0x50 main.o
                0x000805f0                TC0_Handler
 .text.main     0x00080640       0x90 main.o
                0x00080640                main
 .text.LEDs_init
                0x000806d0       0x30 misc/LED_blink.o
                0x000806d0                LEDs_init
 .text.motor_box_init
                0x00080700       0x64 motor_box/motor.o
                0x00080700                motor_box_init
 .text.encoder_map
                0x00080764       0x1c motor_box/motor.o
                0x00080764                encoder_map
 .text.encoder_read
                0x00080780       0x6c motor_box/motor.o
                0x00080780                encoder_read
 .text.motor    0x000807ec       0x88 motor_box/motor.o
                0x000807ec                motor
 .text.pid_Init
                0x00080874       0x2a PID/pid.o
                0x00080874                pid_Init
 *fill*         0x0008089e        0x2 
 .text.pid_Controller
                0x000808a0       0x90 PID/pid.o
                0x000808a0                pid_Controller
 .text.PWM_init
                0x00080930       0x60 PWM/PWM_drv.o
                0x00080930                PWM_init
 .text.PWM_set_period_percentage
                0x00080990       0x3c PWM/PWM_drv.o
                0x00080990                PWM_set_period_percentage
 .text.solenoid_init
                0x000809cc       0x14 Solenoid/Solenoid.o
                0x000809cc                solenoid_init
 .text.solenoid_impulse
                0x000809e0       0x20 Solenoid/Solenoid.o
                0x000809e0                solenoid_impulse
 .text.timer_counter_init
                0x00080a00       0x44 timer/timer_counter.o
                0x00080a00                timer_counter_init
 .text.delay_ch1_micro
                0x00080a44       0x24 timer/timer_counter.o
                0x00080a44                delay_ch1_micro
 .text.printchar
                0x00080a68       0x10 uart_and_printf/printf.o
 .text.prints   0x00080a78       0x84 uart_and_printf/printf.o
 .text.printi   0x00080afc       0xac uart_and_printf/printf.o
 .text.print    0x00080ba8      0x150 uart_and_printf/printf.o
 .text.printf   0x00080cf8       0x24 uart_and_printf/printf.o
                0x00080cf8                printf
 .text.configure_uart
                0x00080d1c       0x68 uart_and_printf/uart.o
                0x00080d1c                configure_uart
 .text.uart_putchar
                0x00080d84       0x24 uart_and_printf/uart.o
                0x00080d84                uart_putchar
 .text.UART_Handler
                0x00080da8       0x68 uart_and_printf/uart.o
                0x00080da8                UART_Handler
 .text.__libc_init_array
                0x00080e10       0x50 c:/program files (x86)/atmel/studio/7.0/toolchain/arm/arm-gnu-toolchain/bin/../lib/gcc/arm-none-eabi/6.3.1/../../../../arm-none-eabi/lib/thumb/v7-m\libc.a(lib_a-init.o)
                0x00080e10                __libc_init_array
 .text.startup.register_fini
                0x00080e60       0x14 c:/program files (x86)/atmel/studio/7.0/toolchain/arm/arm-gnu-toolchain/bin/../lib/gcc/arm-none-eabi/6.3.1/../../../../arm-none-eabi/lib/thumb/v7-m\libc.a(lib_a-__call_atexit.o)
 .text.atexit   0x00080e74        0xc c:/program files (x86)/atmel/studio/7.0/toolchain/arm/arm-gnu-toolchain/bin/../lib/gcc/arm-none-eabi/6.3.1/../../../../arm-none-eabi/lib/thumb/v7-m\libc.a(lib_a-atexit.o)
                0x00080e74                atexit
 .text.__libc_fini_array
                0x00080e80       0x34 c:/program files (x86)/atmel/studio/7.0/toolchain/arm/arm-gnu-toolchain/bin/../lib/gcc/arm-none-eabi/6.3.1/../../../../arm-none-eabi/lib/thumb/v7-m\libc.a(lib_a-fini.o)
                0x00080e80                __libc_fini_array
 .text.__retarget_lock_acquire_recursive
                0x00080eb4        0x4 c:/program files (x86)/atmel/studio/7.0/toolchain/arm/arm-gnu-toolchain/bin/../lib/gcc/arm-none-eabi/6.3.1/../../../../arm-none-eabi/lib/thumb/v7-m\libc.a(lib_a-lock.o)
                0x00080eb4                __retarget_lock_acquire_recursive
 .text.__retarget_lock_release_recursive
                0x00080eb8        0x4 c:/program files (x86)/atmel/studio/7.0/toolchain/arm/arm-gnu-toolchain/bin/../lib/gcc/arm-none-eabi/6.3.1/../../../../arm-none-eabi/lib/thumb/v7-m\libc.a(lib_a-lock.o)
                0x00080eb8                __retarget_lock_release_recursive
 .text.__register_exitproc
                0x00080ebc       0xc4 c:/program files (x86)/atmel/studio/7.0/toolchain/arm/arm-gnu-toolchain/bin/../lib/gcc/arm-none-eabi/6.3.1/../../../../arm-none-eabi/lib/thumb/v7-m\libc.a(lib_a-__atexit.o)
                0x00080ebc                __register_exitproc
 *(.glue_7t)
 .glue_7t       0x00080f80        0x0 linker stubs
 *(.glue_7)
 .glue_7        0x00080f80        0x0 linker stubs
 *(.rodata .rodata* .gnu.linkonce.r.*)
 .rodata.str1.4
                0x00080f80       0x2b CAN/can_interrupt.o
 *fill*         0x00080fab        0x1 
 .rodata.str1.4
                0x00080fac       0x5d main.o
 *fill*         0x00081009        0x3 
 .rodata.str1.4
                0x0008100c       0x31 motor_box/motor.o
 *fill*         0x0008103d        0x3 
 .rodata.str1.4
                0x00081040        0x7 uart_and_printf/printf.o
 *fill*         0x00081047        0x1 
 .rodata.str1.4
                0x00081048       0x20 uart_and_printf/uart.o
                                 0x1e (size before relaxing)
 .rodata._global_impure_ptr
                0x00081068        0x4 c:/program files (x86)/atmel/studio/7.0/toolchain/arm/arm-gnu-toolchain/bin/../lib/gcc/arm-none-eabi/6.3.1/../../../../arm-none-eabi/lib/thumb/v7-m\libc.a(lib_a-impure.o)
                0x00081068                _global_impure_ptr
 *(.ARM.extab* .gnu.linkonce.armextab.*)
                0x0008106c                . = ALIGN (0x4)
 *(.init)
 .init          0x0008106c        0x4 c:/program files (x86)/atmel/studio/7.0/toolchain/arm/arm-gnu-toolchain/bin/../lib/gcc/arm-none-eabi/6.3.1/thumb/v7-m/crti.o
                0x0008106c                _init
 .init          0x00081070        0x8 c:/program files (x86)/atmel/studio/7.0/toolchain/arm/arm-gnu-toolchain/bin/../lib/gcc/arm-none-eabi/6.3.1/thumb/v7-m/crtn.o
                0x00081078                . = ALIGN (0x4)
                0x00081078                __preinit_array_start = .
 *(.preinit_array)
                0x00081078                __preinit_array_end = .
                0x00081078                . = ALIGN (0x4)
                0x00081078                __init_array_start = .
 *(SORT(.init_array.*))
 .init_array.00000
                0x00081078        0x4 c:/program files (x86)/atmel/studio/7.0/toolchain/arm/arm-gnu-toolchain/bin/../lib/gcc/arm-none-eabi/6.3.1/../../../../arm-none-eabi/lib/thumb/v7-m\libc.a(lib_a-__call_atexit.o)
 *(.init_array)
 .init_array    0x0008107c        0x4 c:/program files (x86)/atmel/studio/7.0/toolchain/arm/arm-gnu-toolchain/bin/../lib/gcc/arm-none-eabi/6.3.1/thumb/v7-m/crtbegin.o
                0x00081080                __init_array_end = .
                0x00081080                . = ALIGN (0x4)
 *crtbegin.o(.ctors)
 *(EXCLUDE_FILE(*crtend.o) .ctors)
 *(SORT(.ctors.*))
 *crtend.o(.ctors)
                0x00081080                . = ALIGN (0x4)
 *(.fini)
 .fini          0x00081080        0x4 c:/program files (x86)/atmel/studio/7.0/toolchain/arm/arm-gnu-toolchain/bin/../lib/gcc/arm-none-eabi/6.3.1/thumb/v7-m/crti.o
                0x00081080                _fini
 .fini          0x00081084        0x8 c:/program files (x86)/atmel/studio/7.0/toolchain/arm/arm-gnu-toolchain/bin/../lib/gcc/arm-none-eabi/6.3.1/thumb/v7-m/crtn.o
                0x0008108c                . = ALIGN (0x4)
                0x0008108c                __fini_array_start = .
 *(.fini_array)
 .fini_array    0x0008108c        0x4 c:/program files (x86)/atmel/studio/7.0/toolchain/arm/arm-gnu-toolchain/bin/../lib/gcc/arm-none-eabi/6.3.1/thumb/v7-m/crtbegin.o
 *(SORT(.fini_array.*))
                0x00081090                __fini_array_end = .
 *crtbegin.o(.dtors)
 *(EXCLUDE_FILE(*crtend.o) .dtors)
 *(SORT(.dtors.*))
 *crtend.o(.dtors)
                0x00081090                . = ALIGN (0x4)
                0x00081090                _efixed = .
                [!provide]                PROVIDE (__exidx_start, .)

.vfp11_veneer   0x00081090        0x0
 .vfp11_veneer  0x00081090        0x0 linker stubs

.v4_bx          0x00081090        0x0
 .v4_bx         0x00081090        0x0 linker stubs

.iplt           0x00081090        0x0
 .iplt          0x00081090        0x0 c:/program files (x86)/atmel/studio/7.0/toolchain/arm/arm-gnu-toolchain/bin/../lib/gcc/arm-none-eabi/6.3.1/thumb/v7-m/crtbegin.o

.eh_frame       0x00081090        0x0
 .eh_frame      0x00081090        0x0 c:/program files (x86)/atmel/studio/7.0/toolchain/arm/arm-gnu-toolchain/bin/../lib/gcc/arm-none-eabi/6.3.1/thumb/v7-m/crtbegin.o

.rel.dyn        0x00081090        0x0
 .rel.iplt      0x00081090        0x0 c:/program files (x86)/atmel/studio/7.0/toolchain/arm/arm-gnu-toolchain/bin/../lib/gcc/arm-none-eabi/6.3.1/thumb/v7-m/crtbegin.o

.jcr            0x00081090        0x0
 .jcr           0x00081090        0x0 c:/program files (x86)/atmel/studio/7.0/toolchain/arm/arm-gnu-toolchain/bin/../lib/gcc/arm-none-eabi/6.3.1/thumb/v7-m/crtbegin.o

.igot.plt       0x00081090        0x0
 .igot.plt      0x00081090        0x0 c:/program files (x86)/atmel/studio/7.0/toolchain/arm/arm-gnu-toolchain/bin/../lib/gcc/arm-none-eabi/6.3.1/thumb/v7-m/crtbegin.o

.ARM.exidx
 *(.ARM.exidx* .gnu.linkonce.armexidx.*)
                [!provide]                PROVIDE (__exidx_end, .)
                0x00081090                . = ALIGN (0x4)
                0x00081090                _etext = .

.relocate       0x20000000      0x434 load address 0x00081090
                0x20000000                . = ALIGN (0x4)
                0x20000000                _srelocate = .
 *(.ramfunc .ramfunc.*)
 *(.data .data.*)
 .data          0x20000000        0x4 Device_Startup/system_sam3xa.o
                0x20000000                SystemCoreClock
 *fill*         0x20000004        0x4 
 .data.impure_data
                0x20000008      0x428 c:/program files (x86)/atmel/studio/7.0/toolchain/arm/arm-gnu-toolchain/bin/../lib/gcc/arm-none-eabi/6.3.1/../../../../arm-none-eabi/lib/thumb/v7-m\libc.a(lib_a-impure.o)
 .data.__atexit_recursive_mutex
                0x20000430        0x4 c:/program files (x86)/atmel/studio/7.0/toolchain/arm/arm-gnu-toolchain/bin/../lib/gcc/arm-none-eabi/6.3.1/../../../../arm-none-eabi/lib/thumb/v7-m\libc.a(lib_a-__call_atexit.o)
                0x20000430                __atexit_recursive_mutex
                0x20000434                . = ALIGN (0x4)
                0x20000434                _erelocate = .

.bss            0x20000434       0xbc load address 0x000814c4
                0x20000434                . = ALIGN (0x4)
                0x20000434                _sbss = .
                0x20000434                _szero = .
 *(.bss .bss.*)
 .bss           0x20000434       0x1c c:/program files (x86)/atmel/studio/7.0/toolchain/arm/arm-gnu-toolchain/bin/../lib/gcc/arm-none-eabi/6.3.1/thumb/v7-m/crtbegin.o
 .bss           0x20000450        0x2 ADC/ADC_IR.o
                0x20000450                goal_counter
                0x20000451                game_on
 *(COMMON)
 *fill*         0x20000452        0x2 
 COMMON         0x20000454        0x8 ADC/ADC_IR.o
                0x20000454                IR_last_value
                0x20000458                IR_current_value
 COMMON         0x2000045c       0x18 CAN/can_interrupt.o
                0x2000045c                can_messages
 COMMON         0x20000474       0x14 main.o
                0x20000474                pid_instance_1
 COMMON         0x20000488       0x42 uart_and_printf/uart.o
                0x20000488                rx_buffer
 *fill*         0x200004ca        0x2 
 COMMON         0x200004cc       0x21 c:/program files (x86)/atmel/studio/7.0/toolchain/arm/arm-gnu-toolchain/bin/../lib/gcc/arm-none-eabi/6.3.1/../../../../arm-none-eabi/lib/thumb/v7-m\libc.a(lib_a-lock.o)
                0x200004cc                __lock___atexit_recursive_mutex
                0x200004d0                __lock___arc4random_mutex
                0x200004d4                __lock___env_recursive_mutex
                0x200004d8                __lock___sinit_recursive_mutex
                0x200004dc                __lock___malloc_recursive_mutex
                0x200004e0                __lock___at_quick_exit_mutex
                0x200004e4                __lock___dd_hash_mutex
                0x200004e8                __lock___tz_mutex
                0x200004ec                __lock___sfp_recursive_mutex
                0x200004f0                . = ALIGN (0x4)
 *fill*         0x200004ed        0x3 
                0x200004f0                _ebss = .
                0x200004f0                _ezero = .

.stack          0x200004f0      0x400 load address 0x00081580
                0x200004f0                . = ALIGN (0x8)
                0x200004f0                _sstack = .
                0x200008f0                . = (. + STACK_SIZE)
 *fill*         0x200004f0      0x400 
                0x200008f0                . = ALIGN (0x8)
                0x200008f0                _estack = .

.heap           0x200008f0      0x200 load address 0x00081980
                0x200008f0                . = ALIGN (0x8)
                0x200008f0                _sheap = .
                0x20000af0                . = (. + HEAP_SIZE)
 *fill*         0x200008f0      0x200 
                0x20000af0                . = ALIGN (0x8)
                0x20000af0                _eheap = .
                0x20000af0                . = ALIGN (0x4)
                0x20000af0                _end = .
                0x20017fff                _ram_end_ = ((ORIGIN (ram) + LENGTH (ram)) - 0x1)
OUTPUT(TTK4155_byggern_node2.elf elf32-littlearm)

.ARM.attributes
                0x00000000       0x29
 .ARM.attributes
                0x00000000       0x1d c:/program files (x86)/atmel/studio/7.0/toolchain/arm/arm-gnu-toolchain/bin/../lib/gcc/arm-none-eabi/6.3.1/thumb/v7-m/crti.o
 .ARM.attributes
                0x0000001d       0x2d c:/program files (x86)/atmel/studio/7.0/toolchain/arm/arm-gnu-toolchain/bin/../lib/gcc/arm-none-eabi/6.3.1/thumb/v7-m/crtbegin.o
 .ARM.attributes
                0x0000004a       0x33 ADC/ADC_IR.o
 .ARM.attributes
                0x0000007d       0x33 CAN/can_controller.o
 .ARM.attributes
                0x000000b0       0x33 CAN/can_interrupt.o
 .ARM.attributes
                0x000000e3       0x33 Device_Startup/startup_sam3xa.o
 .ARM.attributes
                0x00000116       0x33 Device_Startup/system_sam3xa.o
 .ARM.attributes
                0x00000149       0x33 main.o
 .ARM.attributes
                0x0000017c       0x33 misc/LED_blink.o
 .ARM.attributes
                0x000001af       0x33 motor_box/motor.o
 .ARM.attributes
                0x000001e2       0x33 PID/pid.o
 .ARM.attributes
                0x00000215       0x33 PWM/PWM_drv.o
 .ARM.attributes
                0x00000248       0x33 Solenoid/Solenoid.o
 .ARM.attributes
                0x0000027b       0x33 timer/timer_counter.o
 .ARM.attributes
                0x000002ae       0x33 uart_and_printf/printf.o
 .ARM.attributes
                0x000002e1       0x33 uart_and_printf/uart.o
 .ARM.attributes
                0x00000314       0x2d c:/program files (x86)/atmel/studio/7.0/toolchain/arm/arm-gnu-toolchain/bin/../lib/gcc/arm-none-eabi/6.3.1/../../../../arm-none-eabi/lib/thumb/v7-m\libc.a(lib_a-impure.o)
 .ARM.attributes
                0x00000341       0x2d c:/program files (x86)/atmel/studio/7.0/toolchain/arm/arm-gnu-toolchain/bin/../lib/gcc/arm-none-eabi/6.3.1/../../../../arm-none-eabi/lib/thumb/v7-m\libc.a(lib_a-init.o)
 .ARM.attributes
                0x0000036e       0x2d c:/program files (x86)/atmel/studio/7.0/toolchain/arm/arm-gnu-toolchain/bin/../lib/gcc/arm-none-eabi/6.3.1/../../../../arm-none-eabi/lib/thumb/v7-m\libc.a(lib_a-__call_atexit.o)
 .ARM.attributes
                0x0000039b       0x2d c:/program files (x86)/atmel/studio/7.0/toolchain/arm/arm-gnu-toolchain/bin/../lib/gcc/arm-none-eabi/6.3.1/../../../../arm-none-eabi/lib/thumb/v7-m\libc.a(lib_a-atexit.o)
 .ARM.attributes
                0x000003c8       0x2d c:/program files (x86)/atmel/studio/7.0/toolchain/arm/arm-gnu-toolchain/bin/../lib/gcc/arm-none-eabi/6.3.1/../../../../arm-none-eabi/lib/thumb/v7-m\libc.a(lib_a-fini.o)
 .ARM.attributes
                0x000003f5       0x2d c:/program files (x86)/atmel/studio/7.0/toolchain/arm/arm-gnu-toolchain/bin/../lib/gcc/arm-none-eabi/6.3.1/../../../../arm-none-eabi/lib/thumb/v7-m\libc.a(lib_a-lock.o)
 .ARM.attributes
                0x00000422       0x2d c:/program files (x86)/atmel/studio/7.0/toolchain/arm/arm-gnu-toolchain/bin/../lib/gcc/arm-none-eabi/6.3.1/../../../../arm-none-eabi/lib/thumb/v7-m\libc.a(lib_a-__atexit.o)
 .ARM.attributes
                0x0000044f       0x1d c:/program files (x86)/atmel/studio/7.0/toolchain/arm/arm-gnu-toolchain/bin/../lib/gcc/arm-none-eabi/6.3.1/thumb/v7-m/crtn.o

.comment        0x00000000       0x59
 .comment       0x00000000       0x59 ADC/ADC_IR.o
                                 0x5a (size before relaxing)
 .comment       0x00000059       0x5a CAN/can_controller.o
 .comment       0x00000059       0x5a CAN/can_interrupt.o
 .comment       0x00000059       0x5a Device_Startup/startup_sam3xa.o
 .comment       0x00000059       0x5a Device_Startup/system_sam3xa.o
 .comment       0x00000059       0x5a main.o
 .comment       0x00000059       0x5a misc/LED_blink.o
 .comment       0x00000059       0x5a motor_box/motor.o
 .comment       0x00000059       0x5a PID/pid.o
 .comment       0x00000059       0x5a PWM/PWM_drv.o
 .comment       0x00000059       0x5a Solenoid/Solenoid.o
 .comment       0x00000059       0x5a timer/timer_counter.o
 .comment       0x00000059       0x5a uart_and_printf/printf.o
 .comment       0x00000059       0x5a uart_and_printf/uart.o

.debug_info     0x00000000     0xb839
 .debug_info    0x00000000      0xfb0 ADC/ADC_IR.o
 .debug_info    0x00000fb0      0xd68 CAN/can_controller.o
 .debug_info    0x00001d18     0x104a CAN/can_interrupt.o
 .debug_info    0x00002d62      0x74e Device_Startup/startup_sam3xa.o
 .debug_info    0x000034b0      0x444 Device_Startup/system_sam3xa.o
 .debug_info    0x000038f4     0x140c main.o
 .debug_info    0x00004d00      0xe53 misc/LED_blink.o
 .debug_info    0x00005b53     0x1417 motor_box/motor.o
 .debug_info    0x00006f6a      0x240 PID/pid.o
 .debug_info    0x000071aa     0x14bb PWM/PWM_drv.o
 .debug_info    0x00008665      0xe0e Solenoid/Solenoid.o
 .debug_info    0x00009473     0x1170 timer/timer_counter.o
 .debug_info    0x0000a5e3      0x60b uart_and_printf/printf.o
 .debug_info    0x0000abee      0xc4b uart_and_printf/uart.o

.debug_abbrev   0x00000000     0x1ca5
 .debug_abbrev  0x00000000      0x21e ADC/ADC_IR.o
 .debug_abbrev  0x0000021e      0x212 CAN/can_controller.o
 .debug_abbrev  0x00000430      0x328 CAN/can_interrupt.o
 .debug_abbrev  0x00000758      0x153 Device_Startup/startup_sam3xa.o
 .debug_abbrev  0x000008ab      0x102 Device_Startup/system_sam3xa.o
 .debug_abbrev  0x000009ad      0x2ca main.o
 .debug_abbrev  0x00000c77      0x1f9 misc/LED_blink.o
 .debug_abbrev  0x00000e70      0x2b2 motor_box/motor.o
 .debug_abbrev  0x00001122       0xfc PID/pid.o
 .debug_abbrev  0x0000121e      0x20a PWM/PWM_drv.o
 .debug_abbrev  0x00001428      0x21c Solenoid/Solenoid.o
 .debug_abbrev  0x00001644      0x292 timer/timer_counter.o
 .debug_abbrev  0x000018d6      0x194 uart_and_printf/printf.o
 .debug_abbrev  0x00001a6a      0x23b uart_and_printf/uart.o

.debug_loc      0x00000000     0x13ad
 .debug_loc     0x00000000       0x20 ADC/ADC_IR.o
 .debug_loc     0x00000020      0x2b5 CAN/can_controller.o
 .debug_loc     0x000002d5      0x11f CAN/can_interrupt.o
 .debug_loc     0x000003f4       0x78 Device_Startup/startup_sam3xa.o
 .debug_loc     0x0000046c      0x130 main.o
 .debug_loc     0x0000059c       0x2e misc/LED_blink.o
 .debug_loc     0x000005ca      0x1b8 motor_box/motor.o
 .debug_loc     0x00000782      0x1e1 PID/pid.o
 .debug_loc     0x00000963       0x2c PWM/PWM_drv.o
 .debug_loc     0x0000098f       0x20 Solenoid/Solenoid.o
 .debug_loc     0x000009af       0x5e timer/timer_counter.o
 .debug_loc     0x00000a0d      0x8d2 uart_and_printf/printf.o
 .debug_loc     0x000012df       0xce uart_and_printf/uart.o

.debug_aranges  0x00000000      0x2c0
 .debug_aranges
                0x00000000       0x38 ADC/ADC_IR.o
 .debug_aranges
                0x00000038       0x38 CAN/can_controller.o
 .debug_aranges
                0x00000070       0x30 CAN/can_interrupt.o
 .debug_aranges
                0x000000a0       0x28 Device_Startup/startup_sam3xa.o
 .debug_aranges
                0x000000c8       0x30 Device_Startup/system_sam3xa.o
 .debug_aranges
                0x000000f8       0x38 main.o
 .debug_aranges
                0x00000130       0x28 misc/LED_blink.o
 .debug_aranges
                0x00000158       0x38 motor_box/motor.o
 .debug_aranges
                0x00000190       0x30 PID/pid.o
 .debug_aranges
                0x000001c0       0x28 PWM/PWM_drv.o
 .debug_aranges
                0x000001e8       0x28 Solenoid/Solenoid.o
 .debug_aranges
                0x00000210       0x28 timer/timer_counter.o
 .debug_aranges
                0x00000238       0x50 uart_and_printf/printf.o
 .debug_aranges
                0x00000288       0x38 uart_and_printf/uart.o

.debug_ranges   0x00000000      0x228
 .debug_ranges  0x00000000       0x28 ADC/ADC_IR.o
 .debug_ranges  0x00000028       0x28 CAN/can_controller.o
 .debug_ranges  0x00000050       0x38 CAN/can_interrupt.o
 .debug_ranges  0x00000088       0x18 Device_Startup/startup_sam3xa.o
 .debug_ranges  0x000000a0       0x20 Device_Startup/system_sam3xa.o
 .debug_ranges  0x000000c0       0x40 main.o
 .debug_ranges  0x00000100       0x18 misc/LED_blink.o
 .debug_ranges  0x00000118       0x28 motor_box/motor.o
 .debug_ranges  0x00000140       0x20 PID/pid.o
 .debug_ranges  0x00000160       0x18 PWM/PWM_drv.o
 .debug_ranges  0x00000178       0x18 Solenoid/Solenoid.o
 .debug_ranges  0x00000190       0x18 timer/timer_counter.o
 .debug_ranges  0x000001a8       0x58 uart_and_printf/printf.o
 .debug_ranges  0x00000200       0x28 uart_and_printf/uart.o

.debug_macro    0x00000000    0x14048
 .debug_macro   0x00000000      0x4e8 ADC/ADC_IR.o
 .debug_macro   0x000004e8      0x8b0 ADC/ADC_IR.o
 .debug_macro   0x00000d98       0x22 ADC/ADC_IR.o
 .debug_macro   0x00000dba       0x52 ADC/ADC_IR.o
 .debug_macro   0x00000e0c       0x8d ADC/ADC_IR.o
 .debug_macro   0x00000e99       0x35 ADC/ADC_IR.o
 .debug_macro   0x00000ece       0x9c ADC/ADC_IR.o
 .debug_macro   0x00000f6a       0x16 ADC/ADC_IR.o
 .debug_macro   0x00000f80       0x57 ADC/ADC_IR.o
 .debug_macro   0x00000fd7       0x97 ADC/ADC_IR.o
 .debug_macro   0x0000106e      0x353 ADC/ADC_IR.o
 .debug_macro   0x000013c1       0xf6 ADC/ADC_IR.o
 .debug_macro   0x000014b7       0x10 ADC/ADC_IR.o
 .debug_macro   0x000014c7       0x58 ADC/ADC_IR.o
 .debug_macro   0x0000151f       0x1f ADC/ADC_IR.o
 .debug_macro   0x0000153e       0x43 ADC/ADC_IR.o
 .debug_macro   0x00001581       0x20 ADC/ADC_IR.o
 .debug_macro   0x000015a1      0x187 ADC/ADC_IR.o
 .debug_macro   0x00001728       0x10 ADC/ADC_IR.o
 .debug_macro   0x00001738       0x6a ADC/ADC_IR.o
 .debug_macro   0x000017a2       0x1c ADC/ADC_IR.o
 .debug_macro   0x000017be       0x52 ADC/ADC_IR.o
 .debug_macro   0x00001810       0x40 ADC/ADC_IR.o
 .debug_macro   0x00001850       0x10 ADC/ADC_IR.o
 .debug_macro   0x00001860       0x40 ADC/ADC_IR.o
 .debug_macro   0x000018a0       0xd7 ADC/ADC_IR.o
 .debug_macro   0x00001977       0x16 ADC/ADC_IR.o
 .debug_macro   0x0000198d      0x18b ADC/ADC_IR.o
 .debug_macro   0x00001b18       0xef ADC/ADC_IR.o
 .debug_macro   0x00001c07      0x1df ADC/ADC_IR.o
 .debug_macro   0x00001de6      0x1e1 ADC/ADC_IR.o
 .debug_macro   0x00001fc7       0x22 ADC/ADC_IR.o
 .debug_macro   0x00001fe9       0x28 ADC/ADC_IR.o
 .debug_macro   0x00002011       0x26 ADC/ADC_IR.o
 .debug_macro   0x00002037       0x1c ADC/ADC_IR.o
 .debug_macro   0x00002053       0x22 ADC/ADC_IR.o
 .debug_macro   0x00002075       0xbd ADC/ADC_IR.o
 .debug_macro   0x00002132      0xe49 ADC/ADC_IR.o
 .debug_macro   0x00002f7b      0x11f ADC/ADC_IR.o
 .debug_macro   0x0000309a      0xa7d ADC/ADC_IR.o
 .debug_macro   0x00003b17      0x55a ADC/ADC_IR.o
 .debug_macro   0x00004071      0x1a8 ADC/ADC_IR.o
 .debug_macro   0x00004219      0x30b ADC/ADC_IR.o
 .debug_macro   0x00004524      0x709 ADC/ADC_IR.o
 .debug_macro   0x00004c2d       0xd6 ADC/ADC_IR.o
 .debug_macro   0x00004d03      0x56c ADC/ADC_IR.o
 .debug_macro   0x0000526f       0x1c ADC/ADC_IR.o
 .debug_macro   0x0000528b      0x678 ADC/ADC_IR.o
 .debug_macro   0x00005903      0x51e ADC/ADC_IR.o
 .debug_macro   0x00005e21       0xbe ADC/ADC_IR.o
 .debug_macro   0x00005edf     0x2333 ADC/ADC_IR.o
 .debug_macro   0x00008212      0x7d1 ADC/ADC_IR.o
 .debug_macro   0x000089e3      0xdbb ADC/ADC_IR.o
 .debug_macro   0x0000979e       0x9a ADC/ADC_IR.o
 .debug_macro   0x00009838      0x29c ADC/ADC_IR.o
 .debug_macro   0x00009ad4       0x58 ADC/ADC_IR.o
 .debug_macro   0x00009b2c      0x999 ADC/ADC_IR.o
 .debug_macro   0x0000a4c5      0x22d ADC/ADC_IR.o
 .debug_macro   0x0000a6f2      0x4b4 ADC/ADC_IR.o
 .debug_macro   0x0000aba6      0x64a ADC/ADC_IR.o
 .debug_macro   0x0000b1f0      0x590 ADC/ADC_IR.o
 .debug_macro   0x0000b780       0x46 ADC/ADC_IR.o
 .debug_macro   0x0000b7c6      0x33f ADC/ADC_IR.o
 .debug_macro   0x0000bb05      0x27e ADC/ADC_IR.o
 .debug_macro   0x0000bd83     0x14dc ADC/ADC_IR.o
 .debug_macro   0x0000d25f      0x7cf ADC/ADC_IR.o
 .debug_macro   0x0000da2e       0x76 ADC/ADC_IR.o
 .debug_macro   0x0000daa4       0x82 ADC/ADC_IR.o
 .debug_macro   0x0000db26       0x76 ADC/ADC_IR.o
 .debug_macro   0x0000db9c       0x4c ADC/ADC_IR.o
 .debug_macro   0x0000dbe8      0x100 ADC/ADC_IR.o
 .debug_macro   0x0000dce8      0x100 ADC/ADC_IR.o
 .debug_macro   0x0000dde8      0x100 ADC/ADC_IR.o
 .debug_macro   0x0000dee8       0x88 ADC/ADC_IR.o
 .debug_macro   0x0000df70       0x88 ADC/ADC_IR.o
 .debug_macro   0x0000dff8      0x3b4 ADC/ADC_IR.o
 .debug_macro   0x0000e3ac       0xbe ADC/ADC_IR.o
 .debug_macro   0x0000e46a       0xbe ADC/ADC_IR.o
 .debug_macro   0x0000e528       0xbe ADC/ADC_IR.o
 .debug_macro   0x0000e5e6       0xbe ADC/ADC_IR.o
 .debug_macro   0x0000e6a4      0x2b8 ADC/ADC_IR.o
 .debug_macro   0x0000e95c      0x118 ADC/ADC_IR.o
 .debug_macro   0x0000ea74      0x216 ADC/ADC_IR.o
 .debug_macro   0x0000ec8a      0x216 ADC/ADC_IR.o
 .debug_macro   0x0000eea0       0x2e ADC/ADC_IR.o
 .debug_macro   0x0000eece       0xac ADC/ADC_IR.o
 .debug_macro   0x0000ef7a      0x13e ADC/ADC_IR.o
 .debug_macro   0x0000f0b8       0x7c ADC/ADC_IR.o
 .debug_macro   0x0000f134      0x1f6 ADC/ADC_IR.o
 .debug_macro   0x0000f32a       0x64 ADC/ADC_IR.o
 .debug_macro   0x0000f38e       0xa6 ADC/ADC_IR.o
 .debug_macro   0x0000f434       0x7c ADC/ADC_IR.o
 .debug_macro   0x0000f4b0       0x16 ADC/ADC_IR.o
 .debug_macro   0x0000f4c6       0x22 ADC/ADC_IR.o
 .debug_macro   0x0000f4e8       0x22 ADC/ADC_IR.o
 .debug_macro   0x0000f50a      0x10c ADC/ADC_IR.o
 .debug_macro   0x0000f616      0x10c ADC/ADC_IR.o
 .debug_macro   0x0000f722      0x10c ADC/ADC_IR.o
 .debug_macro   0x0000f82e      0x10c ADC/ADC_IR.o
 .debug_macro   0x0000f93a       0x1c ADC/ADC_IR.o
 .debug_macro   0x0000f956       0x2e ADC/ADC_IR.o
 .debug_macro   0x0000f984       0x22 ADC/ADC_IR.o
 .debug_macro   0x0000f9a6       0x1c ADC/ADC_IR.o
 .debug_macro   0x0000f9c2       0x58 ADC/ADC_IR.o
 .debug_macro   0x0000fa1a       0x10 ADC/ADC_IR.o
 .debug_macro   0x0000fa2a      0x27a ADC/ADC_IR.o
 .debug_macro   0x0000fca4      0xd34 ADC/ADC_IR.o
 .debug_macro   0x000109d8      0x170 ADC/ADC_IR.o
 .debug_macro   0x00010b48      0x37f CAN/can_controller.o
 .debug_macro   0x00010ec7       0x87 CAN/can_controller.o
 .debug_macro   0x00010f4e       0x51 CAN/can_controller.o
 .debug_macro   0x00010f9f       0xc3 CAN/can_controller.o
 .debug_macro   0x00011062      0x4e9 CAN/can_interrupt.o
 .debug_macro   0x0001154b       0x20 CAN/can_interrupt.o
 .debug_macro   0x0001156b      0x371 Device_Startup/startup_sam3xa.o
 .debug_macro   0x000118dc      0x383 Device_Startup/system_sam3xa.o
 .debug_macro   0x00011c5f      0x56b main.o
 .debug_macro   0x000121ca       0x10 main.o
 .debug_macro   0x000121da       0x28 main.o
 .debug_macro   0x00012202       0x2e main.o
 .debug_macro   0x00012230      0x4fa misc/LED_blink.o
 .debug_macro   0x0001272a      0x556 motor_box/motor.o
 .debug_macro   0x00012c80       0x72 PID/pid.o
 .debug_macro   0x00012cf2       0x28 PID/pid.o
 .debug_macro   0x00012d1a      0x506 PWM/PWM_drv.o
 .debug_macro   0x00013220      0x4e2 Solenoid/Solenoid.o
 .debug_macro   0x00013702      0x4e2 timer/timer_counter.o
 .debug_macro   0x00013be4       0x98 uart_and_printf/printf.o
 .debug_macro   0x00013c7c       0x58 uart_and_printf/printf.o
 .debug_macro   0x00013cd4      0x374 uart_and_printf/uart.o

.debug_line     0x00000000     0x6bd3
 .debug_line    0x00000000      0x89a ADC/ADC_IR.o
 .debug_line    0x0000089a      0x7f3 CAN/can_controller.o
 .debug_line    0x0000108d      0x8bf CAN/can_interrupt.o
 .debug_line    0x0000194c      0x728 Device_Startup/startup_sam3xa.o
 .debug_line    0x00002074      0x785 Device_Startup/system_sam3xa.o
 .debug_line    0x000027f9      0xa95 main.o
 .debug_line    0x0000328e      0x8b2 misc/LED_blink.o
 .debug_line    0x00003b40      0x92c motor_box/motor.o
 .debug_line    0x0000446c      0x28a PID/pid.o
 .debug_line    0x000046f6      0x874 PWM/PWM_drv.o
 .debug_line    0x00004f6a      0x879 Solenoid/Solenoid.o
 .debug_line    0x000057e3      0x89b timer/timer_counter.o
 .debug_line    0x0000607e      0x3de uart_and_printf/printf.o
 .debug_line    0x0000645c      0x777 uart_and_printf/uart.o

.debug_str      0x00000000    0x5668b
 .debug_str     0x00000000    0x54ac9 ADC/ADC_IR.o
                              0x54d99 (size before relaxing)
 .debug_str     0x00054ac9      0x65c CAN/can_controller.o
                              0x506f1 (size before relaxing)
 .debug_str     0x00055125       0xbe CAN/can_interrupt.o
                              0x5457f (size before relaxing)
 .debug_str     0x000551e3      0x55a Device_Startup/startup_sam3xa.o
                              0x504c9 (size before relaxing)
 .debug_str     0x0005573d      0x195 Device_Startup/system_sam3xa.o
                              0x5025c (size before relaxing)
 .debug_str     0x000558d2      0x45f main.o
                              0x55198 (size before relaxing)
 .debug_str     0x00055d31       0x86 misc/LED_blink.o
                              0x54e84 (size before relaxing)
 .debug_str     0x00055db7      0x2f4 motor_box/motor.o
                              0x5514a (size before relaxing)
 .debug_str     0x000560ab       0x7a PID/pid.o
                               0x3592 (size before relaxing)
 .debug_str     0x00056125      0x28f PWM/PWM_drv.o
                              0x5508c (size before relaxing)
 .debug_str     0x000563b4       0x17 Solenoid/Solenoid.o
                              0x54d1d (size before relaxing)
 .debug_str     0x000563cb       0x2e timer/timer_counter.o
                              0x54fc3 (size before relaxing)
 .debug_str     0x000563f9      0x181 uart_and_printf/printf.o
                               0x3661 (size before relaxing)
 .debug_str     0x0005657a      0x111 uart_and_printf/uart.o
                              0x506b4 (size before relaxing)

.debug_frame    0x00000000      0x714
 .debug_frame   0x00000000       0x58 ADC/ADC_IR.o
 .debug_frame   0x00000058       0x80 CAN/can_controller.o
 .debug_frame   0x000000d8       0x60 CAN/can_interrupt.o
 .debug_frame   0x00000138       0x38 Device_Startup/startup_sam3xa.o
 .debug_frame   0x00000170       0x40 Device_Startup/system_sam3xa.o
 .debug_frame   0x000001b0       0x78 main.o
 .debug_frame   0x00000228       0x30 misc/LED_blink.o
 .debug_frame   0x00000258       0x7c motor_box/motor.o
 .debug_frame   0x000002d4       0x5c PID/pid.o
 .debug_frame   0x00000330       0x30 PWM/PWM_drv.o
 .debug_frame   0x00000360       0x3c Solenoid/Solenoid.o
 .debug_frame   0x0000039c       0x3c timer/timer_counter.o
 .debug_frame   0x000003d8      0x124 uart_and_printf/printf.o
 .debug_frame   0x000004fc       0x58 uart_and_printf/uart.o
 .debug_frame   0x00000554       0x2c c:/program files (x86)/atmel/studio/7.0/toolchain/arm/arm-gnu-toolchain/bin/../lib/gcc/arm-none-eabi/6.3.1/../../../../arm-none-eabi/lib/thumb/v7-m\libc.a(lib_a-init.o)
 .debug_frame   0x00000580       0x5c c:/program files (x86)/atmel/studio/7.0/toolchain/arm/arm-gnu-toolchain/bin/../lib/gcc/arm-none-eabi/6.3.1/../../../../arm-none-eabi/lib/thumb/v7-m\libc.a(lib_a-__call_atexit.o)
 .debug_frame   0x000005dc       0x20 c:/program files (x86)/atmel/studio/7.0/toolchain/arm/arm-gnu-toolchain/bin/../lib/gcc/arm-none-eabi/6.3.1/../../../../arm-none-eabi/lib/thumb/v7-m\libc.a(lib_a-atexit.o)
 .debug_frame   0x000005fc       0x34 c:/program files (x86)/atmel/studio/7.0/toolchain/arm/arm-gnu-toolchain/bin/../lib/gcc/arm-none-eabi/6.3.1/../../../../arm-none-eabi/lib/thumb/v7-m\libc.a(lib_a-fini.o)
 .debug_frame   0x00000630       0xb0 c:/program files (x86)/atmel/studio/7.0/toolchain/arm/arm-gnu-toolchain/bin/../lib/gcc/arm-none-eabi/6.3.1/../../../../arm-none-eabi/lib/thumb/v7-m\libc.a(lib_a-lock.o)
 .debug_frame   0x000006e0       0x34 c:/program files (x86)/atmel/studio/7.0/toolchain/arm/arm-gnu-toolchain/bin/../lib/gcc/arm-none-eabi/6.3.1/../../../../arm-none-eabi/lib/thumb/v7-m\libc.a(lib_a-__atexit.o)
